[2m15:49:27[22m [34m[content][39m Syncing content
[2m15:49:27[22m [34m[content][39m Synced content
[2m15:49:27[22m [34m[types][39m Generated [2m1.37s[22m
[2m15:49:27[22m [34m[build][39m output: [34m"static"[39m
[2m15:49:27[22m [34m[build][39m mode: [34m"static"[39m
[2m15:49:27[22m [34m[build][39m directory: [34mD:\project\astro\dist\[39m
[2m15:49:27[22m [34m[build][39m Collecting build info...
[2m15:49:27[22m [34m[build][39m [32m✓ Completed in 1.41s.[39m
[2m15:49:27[22m [34m[build][39m Building static entrypoints...
[2m15:49:28[22m [34m[vite][39m [32m✓ built in 1.26s[39m
[2m15:49:29[22m [34m[vite][39m [32m✓ built in 566ms[39m
[2m15:49:29[22m [34m[build][39m Rearranging server assets...

[42m[30m generating static routes [39m[49m
[33m[1m15:49:29[22m [WARN] [build][39m Could not render `/blog` from route `/blog/[...slug]` as it conflicts with higher priority route `/blog`.
[33m[1m15:49:29[22m [WARN] [build][39m Could not render `/blog` from route `/blog/[...slug]` as it conflicts with higher priority route `/blog`.
[33m[1m15:49:29[22m [WARN] [build][39m Could not render `/blog` from route `/blog/[...slug]` as it conflicts with higher priority route `/blog`.
[2m15:49:29[22m   [34m├─[39m [2m/about/index.html[22m [2m(+13ms)[22m 
[2m15:49:29[22m   [34m├─[39m [2m/about_me/index.html[22m [2m(+4ms)[22m 
[2m15:49:29[22m   [34m├─[39m [2m/ai-demo/index.html[22m [2m(+4ms)[22m 
[2m15:49:29[22m   [34m├─[39m [2m/blog/index.html[22m [2m(+4ms)[22m 
[2m15:49:29[22m   [34m├─[39m [2m/demo/music/index.html[22m [2m(+4ms)[22m 
[2m15:49:29[22m   [34m├─[39m [2m/diving/index.html[22m [2m(+3ms)[22m 
[2m15:49:29[22m   [34m├─[39m [2m/firmware/index.html[22m [2m(+5ms)[22m 
[2m15:49:29[22m   [34m├─[39m [2m/gene_ai/index.html[22m [2m(+4ms)[22m 
[2m15:49:29[22m   [34m├─[39m [2m/gene-ai/index.html[22m [2m(+4ms)[22m 
[2m15:49:29[22m   [34m├─[39m [2m/index-optimized/index.html[22m [2m(+3ms)[22m 
[2m15:49:29[22m   [34m├─[39m [2m/ingest/index.html[22m [2m(+3ms)[22m 
[2m15:49:29[22m   [34m├─[39m [2m/interactive-showcase/index.html[22m [2m(+3ms)[22m 
[2m15:49:29[22m   [34m├─[39m [2m/interview/index.html[22m [2m(+4ms)[22m 
[2m15:49:29[22m   [34m├─[39m [2m/interview_prep/index.html[22m [2m(+4ms)[22m 
[2m15:49:29[22m   [34m├─[39m [2m/music/index.html[22m [2m(+3ms)[22m 
[2m15:49:29[22m   [34m├─[39m [2m/ngs/index.html[22m [2m(+4ms)[22m 
[2m15:49:29[22m   [34m├─[39m [2m/offline/index.html[22m [2m(+3ms)[22m 
[2m15:49:29[22m   [34m├─[39m [2m/protein_mpnn/index.html[22m [2m(+3ms)[22m 
[2m15:49:29[22m   [34m├─[39m [2m/protein-mpnn/index.html[22m [2m(+3ms)[22m 
[2m15:49:29[22m   [34m├─[39m [2m/report/index.html[22m [2m(+3ms)[22m 
[2m15:49:29[22m   [34m├─[39m [2m/seo-accessibility/index.html[22m [2m(+3ms)[22m 
[2m15:49:29[22m   [34m├─[39m [2m/stem-cell/index.html[22m [2m(+3ms)[22m 
[2m15:49:29[22m   [34m├─[39m [2m/stock/index.html[22m [2m(+3ms)[22m 
[2m15:49:29[22m   [34m├─[39m [2m/thesis/index.html[22m [2m(+4ms)[22m 
[2m15:49:29[22m   [34m├─[39m [2m/video-gen/index.html[22m [2m(+3ms)[22m 
[2m15:49:29[22m   [34m├─[39m [2m/works/index.html[22m [2m(+3ms)[22m 
[2m15:49:29[22m   [34m├─[39m [2m/xian-godot/index.html[22m [2m(+3ms)[22m 
[2m15:49:29[22m   [34m├─[39m [2m/index.html[22m [2m(+3ms)[22m 
[2m15:49:29[22m [32m✓ Completed in 243ms.
[39m
[2m15:49:29[22m [34m[build][39m [32m✓ Completed in 2.15s.[39m
[2m15:49:29[22m [34m[build][39m 28 page(s) built in [1m3.62s[22m
[2m15:49:29[22m [34m[build][39m [1mComplete![22m
