[index.html] parse fail: Unexpected end of JSON input
[signal-filter.html] parse fail: Unexpected end of JSON input
[etf.html] parse fail: Unexpected end of JSON input
[etf-filter.html] parse fail: Unexpected end of JSON input
[etf_holdings.html] parse fail: Unexpected end of JSON input
[etf_holdings_pivot.html] parse fail: Unexpected end of JSON input
[etf_holdings_tracker.html] parse fail: Unexpected end of JSON input
[revenue.html] parse fail: Unexpected end of JSON input
[heatmap.html] parse fail: Unexpected end of JSON input
[macro.html] parse fail: Unexpected end of JSON input
[marker_history.html] parse fail: Unexpected end of JSON input
[sold-too-early.html] parse fail: Unexpected end of JSON input
[stock-damo-filter.html] parse fail: Unexpected end of JSON input
[warming.html] parse fail: Unexpected end of JSON input
[rebalance.html] parse fail: Unexpected end of JSON input
[uptrend-watch.html] parse fail: Unexpected end of JSON input
[exdiv.html] parse fail: Unexpected end of JSON input
[conference.html] parse fail: Unexpected end of JSON input
[admin_logs.html] parse fail: Unexpected end of JSON input
[ai-capex.html] parse fail: Unexpected end of JSON input
[price-compare.html] parse fail: Unexpected end of JSON input
[sitemap.html] parse fail: Unexpected end of JSON input
[dashboard.html] parse fail: Unexpected end of JSON input
