
=== 6147 ===
  Yahoo 404 for 6147.TW, trying next
  Yahoo: 64 bars from 6147.TWO
  Yahoo: 64 bars
  inserted: 64

=== 3707 ===
  Yahoo 404 for 3707.TW, trying next
  Yahoo: 64 bars from 3707.TWO
  Yahoo: 64 bars
  inserted: 64

=== 5425 ===
  Yahoo 404 for 5425.TW, trying next
  Yahoo: 64 bars from 5425.TWO
  Yahoo: 64 bars
  inserted: 64

=== 3324 ===
  Yahoo 404 for 3324.TW, trying next
  Yahoo: 64 bars from 3324.TWO
  Yahoo: 64 bars
  inserted: 64

=== Total inserted: 256 ===
