
=== 6147 ===
  202606 ERR: TWSE 307 for 6147 202606
  202607 ERR: TWSE 307 for 6147 202607
  202608 ERR: TWSE 307 for 6147 202608
  unique: 0 bars
  inserted: 0

=== 3707 ===
  202606 ERR: TWSE 307 for 3707 202606
  202607 ERR: TWSE 307 for 3707 202607
  202608 ERR: TWSE 307 for 3707 202608
  unique: 0 bars
  inserted: 0

=== 5425 ===
  202606 ERR: TWSE 307 for 5425 202606
  202607 ERR: TWSE 307 for 5425 202607
  202608 ERR: TWSE 307 for 5425 202608
  unique: 0 bars
  inserted: 0

=== 3324 ===
  202606 ERR: TWSE 307 for 3324 202606
  202607 ERR: TWSE 307 for 3324 202607
  202608 ERR: TWSE 307 for 3324 202608
  unique: 0 bars
  inserted: 0

=== Total inserted: 0 ===
Errors:
  6147 202606: TWSE 307 for 6147 202606
  6147 202607: TWSE 307 for 6147 202607
  6147 202608: TWSE 307 for 6147 202608
  3707 202606: TWSE 307 for 3707 202606
  3707 202607: TWSE 307 for 3707 202607
  3707 202608: TWSE 307 for 3707 202608
  5425 202606: TWSE 307 for 5425 202606
  5425 202607: TWSE 307 for 5425 202607
  5425 202608: TWSE 307 for 5425 202608
  3324 202606: TWSE 307 for 3324 202606
  3324 202607: TWSE 307 for 3324 202607
  3324 202608: TWSE 307 for 3324 202608
