=== market_price_bars columns ===
  id (bigint) nullable=NO
  source_name (character varying) nullable=NO
  symbol (character varying) nullable=NO
  asset_type (character varying) nullable=NO
  market (character varying) nullable=NO
  contract_month (character varying) nullable=NO
  trade_date (date) nullable=NO
  open_price (double precision) nullable=YES
  high_price (double precision) nullable=YES
  low_price (double precision) nullable=YES
  close_price (double precision) nullable=YES
  settlement_price (double precision) nullable=YES
  volume (bigint) nullable=YES
  turnover (double precision) nullable=YES
  open_interest (bigint) nullable=YES
  change_value (double precision) nullable=YES
  raw_payload (text) nullable=NO
  fetched_at (timestamp with time zone) nullable=NO

=== sample 2330 row (latest 3) ===
  id = 356803
  source_name = twse_STOCK_DAY_ALL
  symbol = 2330
  asset_type = stock
  market = TWSE
  contract_month = 
  trade_date = 2026-08-11
  open_price = 2390
  high_price = 2405
  low_price = 2375
  close_price = 2395
  settlement_price = null
  volume = 16861607
  turnover = 40344609195
  open_interest = null
  change_value = 15
  raw_payload = 
  fetched_at = 2026-08-11 07:15:35.310256+00
  ---
  id = 356728
  source_name = twse_STOCK_DAY_ALL
  symbol = 2330
  asset_type = stock
  market = TWSE
  contract_month = 
  trade_date = 2026-08-10
  open_price = 2390
  high_price = 2410
  low_price = 2380
  close_price = 2380
  settlement_price = null
  volume = 20057241
  turnover = 47953084395
  open_interest = null
  change_value = 10
  raw_payload = 
  fetched_at = 2026-08-10 07:15:35.111948+00
  ---
  id = 356673
  source_name = twse_STOCK_DAY_ALL
  symbol = 2330
  asset_type = stock
  market = TWSE
  contract_month = 
  trade_date = 2026-08-07
  open_price = 2390
  high_price = 2395
  low_price = 2355
  close_price = 2370
  settlement_price = null
  volume = 21920000
  turnover = 52016515000
  open_interest = null
  change_value = 5
  raw_payload = 
  fetched_at = 2026-08-07 06:43:05.329299+00
  ---
