8f8d704d6c * astro/dist/music/02_兄弟本色.mp3
3915646f29 * astro/dist/music/03_不服輸(優化版).mp3
c7f9a2cde0 * astro/dist/music/03_不服輸.mp3
b443c5cda0 * astro/dist/music/03_再站起來.mp3
04421917d3 * astro/dist/music/04_水泥森林.mp3
df03f978b5 * astro/dist/music/04_老家的巷子.mp3
de88c893e9 * astro/dist/music/05_趁現在.mp3
c6661ef68e * astro/dist/music/05_雨夜出租.mp3
93755a1897 * astro/dist/music/06_回不去的夏天.mp3
ac95633ef6 * astro/dist/music/07_愛的模樣.mp3
52b4a0191b * astro/dist/music/08_三十歲的懸賞令.mp3
52018e6ef2 * astro/dist/music/08_給爸媽的電話.mp3
4dd314e120 * astro/dist/music/09_我一個人也很好.mp3
21379945b5 * astro/dist/music/09_機場的最後一夜.mp3
9a9f4049c1 * astro/dist/music/10_十年後的重逢(優化版).mp3
15300c581f * astro/dist/music/10_十年後的重逢.mp3
0cef53cb9e * astro/dist/music/10_城市的夜.mp3
8da34c7ff4 * astro/dist/music/11_如果有一天.mp3
890d95d57a * astro/dist/music/12_故鄉的雲.mp3
de59964b79 * astro/dist/music/13_時光膠囊.mp3
aba9469c39 * astro/dist/music/15_風箏的故鄉.mp3
1412046285 * astro/dist/music/18_遇見你之前.mp3
8525189fda * astro/dist/music/20_等天亮(優化版).mp3
95abc5c72a * astro/dist/music/20_等天亮.mp3
38520c9b19 * astro/dist/music/track-01-内卷共和国---fc2a4520-78c6-4b07-b13b-9cb338bb2feb.mp3
574b34b27a * astro/dist/music/track-01-内卷共和国.mp3
53102cd9ec * astro/dist/music/track-02-深圳凌晨四点的光---f0726dee-b260-4ec4-9b6a-2dd13c9c0113.mp3
6fc892af85 * astro/dist/music/track-02-深圳凌晨四点的光.mp3
73f40cd771 * astro/dist/music/track-03-摆烂主义者---23931c6e-8eb7-43dd-a9e5-e62e236c543c.mp3
9990b8b09b * astro/dist/music/track-03-摆烂主义者.mp3
546dac1a2b * astro/dist/music/track-04-房价像风筝一样飞走了---fa0f3e04-93b3-4852-80ca-e8212e823b20.mp3
9393005002 * astro/dist/music/track-04-房价像风筝一样飞走了.mp3
b684aa0ec0 * astro/dist/music/track-05-毕业等于失业---9a55310a-7278-4124-87dd-2c6d142a49d7.mp3
6e5bb70b43 * astro/dist/music/track-06-外卖小哥的蓝色多瑙河---aa4ec65f-f1e1-4a04-8ddd-4a8338ac8243.mp3
92d453e7f0 * astro/dist/music/track-07-六便士与月亮---65b662ae-f285-4631-83ca-a98c80e4db2c.mp3
0dbf25afef * astro/dist/music/track-08-租住在北平等的彩虹---78a16b19-acd6-4087-bfce-8c0069bcbf81.mp3
4a6f586665 * astro/dist/music/track-09-打工人狂想曲---1b3116c8-f5f6-4f36-b27e-b39d16315dba.mp3
1f911af937 * astro/dist/music/track-10-这个时代的艺术家---771c5519-c626-4955-a42a-23c5b48cc4f7.mp3
33afea7414 * astro/dist/music/不死的腳_熱血搖滾.mp3
8f8d704d6c * astro/public/music/02_兄弟本色.mp3
3915646f29 * astro/public/music/03_不服輸(優化版).mp3
c7f9a2cde0 * astro/public/music/03_不服輸.mp3
b443c5cda0 * astro/public/music/03_再站起來.mp3
04421917d3 * astro/public/music/04_水泥森林.mp3
df03f978b5 * astro/public/music/04_老家的巷子.mp3
de88c893e9 * astro/public/music/05_趁現在.mp3
c6661ef68e * astro/public/music/05_雨夜出租.mp3
93755a1897 * astro/public/music/06_回不去的夏天.mp3
ac95633ef6 * astro/public/music/07_愛的模樣.mp3
52b4a0191b * astro/public/music/08_三十歲的懸賞令.mp3
52018e6ef2 * astro/public/music/08_給爸媽的電話.mp3
4dd314e120 * astro/public/music/09_我一個人也很好.mp3
21379945b5 * astro/public/music/09_機場的最後一夜.mp3
9a9f4049c1 * astro/public/music/10_十年後的重逢(優化版).mp3
15300c581f * astro/public/music/10_十年後的重逢.mp3
0cef53cb9e * astro/public/music/10_城市的夜.mp3
8da34c7ff4 * astro/public/music/11_如果有一天.mp3
890d95d57a * astro/public/music/12_故鄉的雲.mp3
de59964b79 * astro/public/music/13_時光膠囊.mp3
aba9469c39 * astro/public/music/15_風箏的故鄉.mp3
1412046285 * astro/public/music/18_遇見你之前.mp3
8525189fda * astro/public/music/20_等天亮(優化版).mp3
95abc5c72a * astro/public/music/20_等天亮.mp3
38520c9b19 * astro/public/music/track-01-内卷共和国---fc2a4520-78c6-4b07-b13b-9cb338bb2feb.mp3
574b34b27a * astro/public/music/track-01-内卷共和国.mp3
53102cd9ec * astro/public/music/track-02-深圳凌晨四点的光---f0726dee-b260-4ec4-9b6a-2dd13c9c0113.mp3
6fc892af85 * astro/public/music/track-02-深圳凌晨四点的光.mp3
73f40cd771 * astro/public/music/track-03-摆烂主义者---23931c6e-8eb7-43dd-a9e5-e62e236c543c.mp3
9990b8b09b * astro/public/music/track-03-摆烂主义者.mp3
546dac1a2b * astro/public/music/track-04-房价像风筝一样飞走了---fa0f3e04-93b3-4852-80ca-e8212e823b20.mp3
9393005002 * astro/public/music/track-04-房价像风筝一样飞走了.mp3
b684aa0ec0 * astro/public/music/track-05-毕业等于失业---9a55310a-7278-4124-87dd-2c6d142a49d7.mp3
6e5bb70b43 * astro/public/music/track-06-外卖小哥的蓝色多瑙河---aa4ec65f-f1e1-4a04-8ddd-4a8338ac8243.mp3
92d453e7f0 * astro/public/music/track-07-六便士与月亮---65b662ae-f285-4631-83ca-a98c80e4db2c.mp3
0dbf25afef * astro/public/music/track-08-租住在北平等的彩虹---78a16b19-acd6-4087-bfce-8c0069bcbf81.mp3
4a6f586665 * astro/public/music/track-09-打工人狂想曲---1b3116c8-f5f6-4f36-b27e-b39d16315dba.mp3
1f911af937 * astro/public/music/track-10-这个时代的艺术家---771c5519-c626-4955-a42a-23c5b48cc4f7.mp3
33afea7414 * astro/public/music/不死的腳_熱血搖滾.mp3
07e4b3c6e5 * youtube_audio.mp3
