  upserted: 2890 永豐金
  upserted: 2883 開發金
  upserted: 2880 華南金
  upserted: 5880 合庫金
  upserted: 2823 中壽
  upserted: 3653 健策
  upserted: 6531 愛普
  upserted: 3037 欣興
  upserted: 3661 世芯-KY
  upserted: 3017 奇鋐
  upserted: 2504 國產
  upserted: 2542 興富發
  upserted: 5522 遠雄
  upserted: 2606 裕民
  upserted: 2614 東森
  upserted: 2105 正新
  upserted: 2227 裕日車
  upserted: 4128 中天
  upserted: 4743 合一
  upserted: 2014 中鴻
  upserted: 9914 美利達
  upserted: 9921 巨大
  upserted: 2356 英業達
  upserted: 2324 仁寶
  upserted: 2478 大毅
  upserted: 2059 川湖
  upserted: 3006 晶豪科
  upserted: 3545 敦泰
  upserted: 6285 啟碁
  upserted: 8069 元太
---
Inserted/updated: 30
Skipped: 0
Total in script: 30
